[run-spec] loaded 'configs/sdar_campaign_run_spec.json': 32 env key(s) applied (explicit CLI flags override).
[paper-hint] Applied 2605.15155 (6678 chars guidance, 6 invariants, scope).
[full-scope] ALFWorld + WebShop + Search-QA active in scope — appended agentic-env (AgenticEnv + shipped modules) guidance for the agent.
[benchmark-guard] 1 blocked resource(s) active — the RuntimeGuard refuses agent access to them.
[cred-preflight] AZURE_FOUNDRY_API_KEY accepted.
[archive] Moved 3 prior-attempt artifact(s) to runs/prj_09047604e591d969/attempts/20260702T185155-025322-73a1c0
[ingest 1/6] Registering project for 2605.15155
             project_id=prj_09047604e591d969
[ingest 2/6] Fetching paper
[ingest 3/6] Parsing
[ingest 4/6] Discovering external artifacts
[ingest 5/6] Indexing
[ingest 6/6] Building workspace

============================================================
Workspace ready — 4 variables
Starting agent pipeline (rlm mode)...
============================================================

Execution profile: max; sandbox: local
run_pipeline_rlm: root model 'azure-foundry' is NOT paper-validated as an RLM root (root_model_unvalidated) — results may not match paper expectations
report: could not parse RLM response (len=1185); producing failed report
{
  "project_id": "prj_09047604e591d969",
  "status": "failed",
  "output_dir": "runs/prj_09047604e591d969",
  "iterations": 21,
  "rubric_score": 0.0,
  "cost_usd": 0.0,
  "final_report_path": "/home/abheekp/openresearch/runs/prj_09047604e591d969/final_report.json",
  "execution_mode": "max",
  "sandbox": "local"
}
