
>>> ( setsid -f bash -c 'while true; do date +%s > /artifacts/.heartbeat; sleep 30; done' < /dev/null > /dev/null 2>&1 & ) ; exit 0

>>> mkdir -p ${REPROLAB_BOOTSTRAP_MKDIRS:-/tmp/.reprolab_noop}

>>> python -m pip install --upgrade pip wheel setuptools
Requirement already satisfied: pip in /usr/local/lib/python3.10/dist-packages (23.3.1)
Collecting pip
  Downloading pip-26.1.1-py3-none-any.whl.metadata (4.6 kB)
Requirement already satisfied: wheel in /usr/local/lib/python3.10/dist-packages (0.41.3)
Collecting wheel
  Downloading wheel-0.47.0-py3-none-any.whl.metadata (2.3 kB)
Requirement already satisfied: setuptools in /usr/local/lib/python3.10/dist-packages (68.2.2)
Collecting setuptools
  Downloading setuptools-82.0.1-py3-none-any.whl.metadata (6.5 kB)
Collecting packaging>=24.0 (from wheel)
  Downloading packaging-26.2-py3-none-any.whl.metadata (3.5 kB)
Downloading pip-26.1.1-py3-none-any.whl (1.8 MB)
   ━━━━━━━━━━━━━━━━━━━━━━━━━━━━━━━━━━━━━━━━ 1.8/1.8 MB 15.8 MB/s eta 0:00:00
Downloading wheel-0.47.0-py3-none-any.whl (32 kB)
Downloading setuptools-82.0.1-py3-none-any.whl (1.0 MB)
   ━━━━━━━━━━━━━━━━━━━━━━━━━━━━━━━━━━━━━━━━ 1.0/1.0 MB 26.5 MB/s eta 0:00:00
Downloading packaging-26.2-py3-none-any.whl (100 kB)
   ━━━━━━━━━━━━━━━━━━━━━━━━━━━━━━━━━━━━━━━━ 100.2/100.2 kB 7.1 MB/s eta 0:00:00
Installing collected packages: setuptools, pip, packaging, wheel
  Attempting uninstall: setuptools
    Found existing installation: setuptools 68.2.2
    Uninstalling setuptools-68.2.2:
      Successfully uninstalled setuptools-68.2.2
  Attempting uninstall: pip
    Found existing installation: pip 23.3.1
    Uninstalling pip-23.3.1:
      Successfully uninstalled pip-23.3.1
  Attempting uninstall: packaging
    Found existing installation: packaging 23.2
    Uninstalling packaging-23.2:
      Successfully uninstalled packaging-23.2
  Attempting uninstall: wheel
    Found existing installation: wheel 0.41.3
    Uninstalling wheel-0.41.3:
      Successfully uninstalled wheel-0.41.3
Successfully installed packaging-26.2 pip-26.1.1 setuptools-82.0.1 wheel-0.47.0
WARNING: Running pip as the 'root' user can result in broken permissions and conflicting behaviour with the system package manager. It is recommended to use a virtual environment instead: https://pip.pypa.io/warnings/venv

>>> python -m pip install -r requirements.txt
Collecting torch==2.2.0 (from -r requirements.txt (line 1))
  Downloading torch-2.2.0-cp310-cp310-manylinux1_x86_64.whl.metadata (25 kB)
Collecting numpy==1.26.4 (from -r requirements.txt (line 2))
  Downloading numpy-1.26.4-cp310-cp310-manylinux_2_17_x86_64.manylinux2014_x86_64.whl.metadata (61 kB)
Collecting gymnasium==0.29.1 (from -r requirements.txt (line 3))
  Downloading gymnasium-0.29.1-py3-none-any.whl.metadata (10 kB)
Collecting matplotlib==3.8.0 (from -r requirements.txt (line 4))
  Downloading matplotlib-3.8.0-cp310-cp310-manylinux_2_17_x86_64.manylinux2014_x86_64.whl.metadata (5.8 kB)
Collecting tqdm==4.66.0 (from -r requirements.txt (line 5))
  Downloading tqdm-4.66.0-py3-none-any.whl.metadata (57 kB)
Requirement already satisfied: filelock in /usr/local/lib/python3.10/dist-packages (from torch==2.2.0->-r requirements.txt (line 1)) (3.9.0)
Collecting typing-extensions>=4.8.0 (from torch==2.2.0->-r requirements.txt (line 1))
  Downloading typing_extensions-4.15.0-py3-none-any.whl.metadata (3.3 kB)
Requirement already satisfied: sympy in /usr/local/lib/python3.10/dist-packages (from torch==2.2.0->-r requirements.txt (line 1)) (1.12)
Requirement already satisfied: networkx in /usr/local/lib/python3.10/dist-packages (from torch==2.2.0->-r requirements.txt (line 1)) (3.0)
Requirement already satisfied: jinja2 in /usr/local/lib/python3.10/dist-packages (from torch==2.2.0->-r requirements.txt (line 1)) (3.1.2)
Requirement already satisfied: fsspec in /usr/local/lib/python3.10/dist-packages (from torch==2.2.0->-r requirements.txt (line 1)) (2023.4.0)
Collecting nvidia-cuda-nvrtc-cu12==12.1.105 (from torch==2.2.0->-r requirements.txt (line 1))
  Downloading nvidia_cuda_nvrtc_cu12-12.1.105-py3-none-manylinux1_x86_64.whl.metadata (1.5 kB)
Collecting nvidia-cuda-runtime-cu12==12.1.105 (from torch==2.2.0->-r requirements.txt (line 1))
  Downloading nvidia_cuda_runtime_cu12-12.1.105-py3-none-manylinux1_x86_64.whl.metadata (1.5 kB)
Collecting nvidia-cuda-cupti-cu12==12.1.105 (from torch==2.2.0->-r requirements.txt (line 1))
  Downloading nvidia_cuda_cupti_cu12-12.1.105-py3-none-manylinux1_x86_64.whl.metadata (1.6 kB)
Collecting nvidia-cudnn-cu12==8.9.2.26 (from torch==2.2.0->-r requirements.txt (line 1))
  Downloading nvidia_cudnn_cu12-8.9.2.26-py3-none-manylinux1_x86_64.whl.metadata (1.6 kB)
Collecting nvidia-cublas-cu12==12.1.3.1 (from torch==2.2.0->-r requirements.txt (line 1))
  Downloading nvidia_cublas_cu12-12.1.3.1-py3-none-manylinux1_x86_64.whl.metadata (1.5 kB)
Collecting nvidia-cufft-cu12==11.0.2.54 (from torch==2.2.0->-r requirements.txt (line 1))
  Downloading nvidia_cufft_cu12-11.0.2.54-py3-none-manylinux1_x86_64.whl.metadata (1.5 kB)
Collecting nvidia-curand-cu12==10.3.2.106 (from torch==2.2.0->-r requirements.txt (line 1))
  Downloading nvidia_curand_cu12-10.3.2.106-py3-none-manylinux1_x86_64.whl.metadata (1.5 kB)
Collecting nvidia-cusolver-cu12==11.4.5.107 (from torch==2.2.0->-r requirements.txt (line 1))
  Downloading nvidia_cusolver_cu12-11.4.5.107-py3-none-manylinux1_x86_64.whl.metadata (1.6 kB)
Collecting nvidia-cusparse-cu12==12.1.0.106 (from torch==2.2.0->-r requirements.txt (line 1))
  Downloading nvidia_cusparse_cu12-12.1.0.106-py3-none-manylinux1_x86_64.whl.metadata (1.6 kB)
Collecting nvidia-nccl-cu12==2.19.3 (from torch==2.2.0->-r requirements.txt (line 1))
  Downloading nvidia_nccl_cu12-2.19.3-py3-none-manylinux1_x86_64.whl.metadata (1.8 kB)
Collecting nvidia-nvtx-cu12==12.1.105 (from torch==2.2.0->-r requirements.txt (line 1))
  Downloading nvidia_nvtx_cu12-12.1.105-py3-none-manylinux1_x86_64.whl.metadata (1.7 kB)
Collecting triton==2.2.0 (from torch==2.2.0->-r requirements.txt (line 1))
  Downloading triton-2.2.0-cp310-cp310-manylinux_2_17_x86_64.manylinux2014_x86_64.whl.metadata (1.4 kB)
Collecting cloudpickle>=1.2.0 (from gymnasium==0.29.1->-r requirements.txt (line 3))
  Downloading cloudpickle-3.1.2-py3-none-any.whl.metadata (7.1 kB)
Collecting farama-notifications>=0.0.1 (from gymnasium==0.29.1->-r requirements.txt (line 3))
  Downloading farama_notifications-0.0.6-py3-none-any.whl.metadata (729 bytes)
Collecting contourpy>=1.0.1 (from matplotlib==3.8.0->-r requirements.txt (line 4))
  Downloading contourpy-1.3.2-cp310-cp310-manylinux_2_17_x86_64.manylinux2014_x86_64.whl.metadata (5.5 kB)
Collecting cycler>=0.10 (from matplotlib==3.8.0->-r requirements.txt (line 4))
  Downloading cycler-0.12.1-py3-none-any.whl.metadata (3.8 kB)
Collecting fonttools>=4.22.0 (from matplotlib==3.8.0->-r requirements.txt (line 4))
  Downloading fonttools-4.63.0-cp310-cp310-manylinux2014_x86_64.manylinux_2_17_x86_64.whl.metadata (118 kB)
Collecting kiwisolver>=1.0.1 (from matplotlib==3.8.0->-r requirements.txt (line 4))
  Downloading kiwisolver-1.5.0-cp310-cp310-manylinux_2_12_x86_64.manylinux2010_x86_64.whl.metadata (5.1 kB)
Requirement already satisfied: packaging>=20.0 in /usr/local/lib/python3.10/dist-packages (from matplotlib==3.8.0->-r requirements.txt (line 4)) (26.2)
Requirement already satisfied: pillow>=6.2.0 in /usr/local/lib/python3.10/dist-packages (from matplotlib==3.8.0->-r requirements.txt (line 4)) (9.3.0)
Requirement already satisfied: pyparsing>=2.3.1 in /usr/lib/python3/dist-packages (from matplotlib==3.8.0->-r requirements.txt (line 4)) (2.4.7)
Requirement already satisfied: python-dateutil>=2.7 in /usr/local/lib/python3.10/dist-packages (from matplotlib==3.8.0->-r requirements.txt (line 4)) (2.8.2)
Collecting nvidia-nvjitlink-cu12 (from nvidia-cusolver-cu12==11.4.5.107->torch==2.2.0->-r requirements.txt (line 1))
  Downloading nvidia_nvjitlink_cu12-12.9.86-py3-none-manylinux2010_x86_64.manylinux_2_12_x86_64.whl.metadata (1.7 kB)
Requirement already satisfied: six>=1.5 in /usr/lib/python3/dist-packages (from python-dateutil>=2.7->matplotlib==3.8.0->-r requirements.txt (line 4)) (1.16.0)
Requirement already satisfied: MarkupSafe>=2.0 in /usr/local/lib/python3.10/dist-packages (from jinja2->torch==2.2.0->-r requirements.txt (line 1)) (2.1.2)
Requirement already satisfied: mpmath>=0.19 in /usr/local/lib/python3.10/dist-packages (from sympy->torch==2.2.0->-r requirements.txt (line 1)) (1.3.0)
Downloading torch-2.2.0-cp310-cp310-manylinux1_x86_64.whl (755.5 MB)
   ━━━━━━━━━━━━━━━━━━━━━━━━━━━━━━━━━━━━━━━━ 755.5/755.5 MB 82.4 MB/s  0:00:05
Downloading numpy-1.26.4-cp310-cp310-manylinux_2_17_x86_64.manylinux2014_x86_64.whl (18.2 MB)
   ━━━━━━━━━━━━━━━━━━━━━━━━━━━━━━━━━━━━━━━━ 18.2/18.2 MB 149.3 MB/s  0:00:00
Downloading gymnasium-0.29.1-py3-none-any.whl (953 kB)
   ━━━━━━━━━━━━━━━━━━━━━━━━━━━━━━━━━━━━━━━━ 953.9/953.9 kB 62.7 MB/s  0:00:00
Downloading matplotlib-3.8.0-cp310-cp310-manylinux_2_17_x86_64.manylinux2014_x86_64.whl (11.6 MB)
   ━━━━━━━━━━━━━━━━━━━━━━━━━━━━━━━━━━━━━━━━ 11.6/11.6 MB 135.8 MB/s  0:00:00
Downloading tqdm-4.66.0-py3-none-any.whl (78 kB)
Downloading nvidia_cublas_cu12-12.1.3.1-py3-none-manylinux1_x86_64.whl (410.6 MB)
   ━━━━━━━━━━━━━━━━━━━━━━━━━━━━━━━━━━━━━━━━ 410.6/410.6 MB 133.6 MB/s  0:00:02
Downloading nvidia_cuda_cupti_cu12-12.1.105-py3-none-manylinux1_x86_64.whl (14.1 MB)
   ━━━━━━━━━━━━━━━━━━━━━━━━━━━━━━━━━━━━━━━━ 14.1/14.1 MB 145.8 MB/s  0:00:00
Downloading nvidia_cuda_nvrtc_cu12-12.1.105-py3-none-manylinux1_x86_64.whl (23.7 MB)
   ━━━━━━━━━━━━━━━━━━━━━━━━━━━━━━━━━━━━━━━━ 23.7/23.7 MB 139.9 MB/s  0:00:00
Downloading nvidia_cuda_runtime_cu12-12.1.105-py3-none-manylinux1_x86_64.whl (823 kB)
   ━━━━━━━━━━━━━━━━━━━━━━━━━━━━━━━━━━━━━━━━ 823.6/823.6 kB 28.4 MB/s  0:00:00
Downloading nvidia_cudnn_cu12-8.9.2.26-py3-none-manylinux1_x86_64.whl (731.7 MB)
   ━━━━━━━━━━━━━━━━━━━━━━━━━━━━━━━━━━━━━━━━ 731.7/731.7 MB 90.7 MB/s  0:00:04
Downloading nvidia_cufft_cu12-11.0.2.54-py3-none-manylinux1_x86_64.whl (121.6 MB)
   ━━━━━━━━━━━━━━━━━━━━━━━━━━━━━━━━━━━━━━━━ 121.6/121.6 MB 165.7 MB/s  0:00:00
Downloading nvidia_curand_cu12-10.3.2.106-py3-none-manylinux1_x86_64.whl (56.5 MB)
   ━━━━━━━━━━━━━━━━━━━━━━━━━━━━━━━━━━━━━━━━ 56.5/56.5 MB 180.6 MB/s  0:00:00
Downloading nvidia_cusolver_cu12-11.4.5.107-py3-none-manylinux1_x86_64.whl (124.2 MB)
   ━━━━━━━━━━━━━━━━━━━━━━━━━━━━━━━━━━━━━━━━ 124.2/124.2 MB 163.7 MB/s  0:00:00
Downloading nvidia_cusparse_cu12-12.1.0.106-py3-none-manylinux1_x86_64.whl (196.0 MB)
   ━━━━━━━━━━━━━━━━━━━━━━━━━━━━━━━━━━━━━━━━ 196.0/196.0 MB 169.3 MB/s  0:00:01
Downloading nvidia_nccl_cu12-2.19.3-py3-none-manylinux1_x86_64.whl (166.0 MB)
   ━━━━━━━━━━━━━━━━━━━━━━━━━━━━━━━━━━━━━━━━ 166.0/166.0 MB 111.7 MB/s  0:00:01
Downloading nvidia_nvtx_cu12-12.1.105-py3-none-manylinux1_x86_64.whl (99 kB)
Downloading triton-2.2.0-cp310-cp310-manylinux_2_17_x86_64.manylinux2014_x86_64.whl (167.9 MB)
   ━━━━━━━━━━━━━━━━━━━━━━━━━━━━━━━━━━━━━━━━ 167.9/167.9 MB 116.8 MB/s  0:00:01
Downloading cloudpickle-3.1.2-py3-none-any.whl (22 kB)
Downloading contourpy-1.3.2-cp310-cp310-manylinux_2_17_x86_64.manylinux2014_x86_64.whl (325 kB)
Downloading cycler-0.12.1-py3-none-any.whl (8.3 kB)
Downloading farama_notifications-0.0.6-py3-none-any.whl (2.9 kB)
Downloading fonttools-4.63.0-cp310-cp310-manylinux2014_x86_64.manylinux_2_17_x86_64.whl (4.9 MB)
   ━━━━━━━━━━━━━━━━━━━━━━━━━━━━━━━━━━━━━━━━ 4.9/4.9 MB 12.0 MB/s  0:00:00
Downloading kiwisolver-1.5.0-cp310-cp310-manylinux_2_12_x86_64.manylinux2010_x86_64.whl (1.6 MB)
   ━━━━━━━━━━━━━━━━━━━━━━━━━━━━━━━━━━━━━━━━ 1.6/1.6 MB 4.5 MB/s  0:00:00
Downloading typing_extensions-4.15.0-py3-none-any.whl (44 kB)
Downloading nvidia_nvjitlink_cu12-12.9.86-py3-none-manylinux2010_x86_64.manylinux_2_12_x86_64.whl (39.7 MB)
   ━━━━━━━━━━━━━━━━━━━━━━━━━━━━━━━━━━━━━━━━ 39.7/39.7 MB 69.3 MB/s  0:00:00
Installing collected packages: farama-notifications, typing-extensions, triton, tqdm, nvidia-nvtx-cu12, nvidia-nvjitlink-cu12, nvidia-nccl-cu12, nvidia-curand-cu12, nvidia-cufft-cu12, nvidia-cuda-runtime-cu12, nvidia-cuda-nvrtc-cu12, nvidia-cuda-cupti-cu12, nvidia-cublas-cu12, numpy, kiwisolver, fonttools, cycler, cloudpickle, nvidia-cusparse-cu12, nvidia-cudnn-cu12, gymnasium, contourpy, nvidia-cusolver-cu12, matplotlib, torch
  Attempting uninstall: typing-extensions
    Found existing installation: typing_extensions 4.4.0
    Uninstalling typing_extensions-4.4.0:
      Successfully uninstalled typing_extensions-4.4.0
  Attempting uninstall: triton
    Found existing installation: triton 2.1.0
    Uninstalling triton-2.1.0:
      Successfully uninstalled triton-2.1.0
  Attempting uninstall: numpy
    Found existing installation: numpy 1.24.1
    Uninstalling numpy-1.24.1:
      Successfully uninstalled numpy-1.24.1
  Attempting uninstall: torch
    Found existing installation: torch 2.1.0+cu118
    Uninstalling torch-2.1.0+cu118:
      Successfully uninstalled torch-2.1.0+cu118

ERROR: pip's dependency resolver does not currently take into account all the packages that are installed. This behaviour is the source of the following dependency conflicts.
torchaudio 2.1.0+cu118 requires torch==2.1.0, but you have torch 2.2.0 which is incompatible.
torchvision 0.16.0+cu118 requires torch==2.1.0, but you have torch 2.2.0 which is incompatible.
WARNING: Running pip as the 'root' user can result in broken permissions and conflicting behaviour with the system package manager, possibly rendering your system unusable. It is recommended to use a virtual environment instead: https://pip.pypa.io/warnings/venv. Use the --root-user-action option if you know what you are doing and want to suppress this warning.
Successfully installed cloudpickle-3.1.2 contourpy-1.3.2 cycler-0.12.1 farama-notifications-0.0.6 fonttools-4.63.0 gymnasium-0.29.1 kiwisolver-1.5.0 matplotlib-3.8.0 numpy-1.26.4 nvidia-cublas-cu12-12.1.3.1 nvidia-cuda-cupti-cu12-12.1.105 nvidia-cuda-nvrtc-cu12-12.1.105 nvidia-cuda-runtime-cu12-12.1.105 nvidia-cudnn-cu12-8.9.2.26 nvidia-cufft-cu12-11.0.2.54 nvidia-curand-cu12-10.3.2.106 nvidia-cusolver-cu12-11.4.5.107 nvidia-cusparse-cu12-12.1.0.106 nvidia-nccl-cu12-2.19.3 nvidia-nvjitlink-cu12-12.9.86 nvidia-nvtx-cu12-12.1.105 torch-2.2.0 tqdm-4.66.0 triton-2.2.0 typing-extensions-4.15.0

>>> python train.py
[INFO] Device: cuda  |  HAS_GPU=True
[INFO] Starting PPO reproduction | OUTPUT_DIR=/artifacts
[INFO] Config written to /artifacts/config_used.json
[INFO] README written to /artifacts/README.md
[INFO] Training PPO on CartPole-v1 | total_timesteps=500000 | n_updates=244 | device=cuda
